// Jest Snapshot v1, https://goo.gl/fbAQLP

exports[`Main tests Should format the greeting correctly 1`] = `"HELLO WORLD!"`;
